// Jest Snapshot v1, https://goo.gl/fbAQLP

exports[`Tags module test 1`] = `
<nav
  className="navbar navbar-light"
>
  <div
    className="container"
  >
    <a
      className="navbar-brand"
      href="/"
      onClick={[Function]}
    />
    <ul
      className="nav navbar-nav pull-xs-right"
    >
      <li
        className="nav-item"
      >
        <a
          className="nav-link"
          href="/"
          onClick={[Function]}
        >
          <i
            className="ion-home"
          />
           Home
        </a>
      </li>
      <li
        className="nav-item"
      >
        <a
          className="nav-link"
          href="/about"
          onClick={[Function]}
        >
          <i
            className="ion-information-circled"
          />
           About
        </a>
      </li>
      <li
        className="nav-item"
      >
        <a
          className="nav-link"
          href="/DevNotes"
          onClick={[Function]}
        >
          <i
            className="ion-ios-paper"
          />
           DevNotes
        </a>
      </li>
      <li
        className="nav-item"
      >
        <a
          className="nav-link"
          href="/sponsors"
          onClick={[Function]}
        >
          <i
            className="ion-ios-people"
          />
           Sponsors
        </a>
      </li>
      <li
        className="nav-item"
      >
        <a
          className="nav-link"
          href="/login"
          onClick={[Function]}
        >
          Sign in
        </a>
      </li>
      <li
        className="nav-item"
      >
        <a
          className="nav-link"
          href="/register"
          onClick={[Function]}
        >
          Sign up
        </a>
      </li>
    </ul>
  </div>
</nav>
`;
